// Jest Snapshot v1, https://goo.gl/fbAQLP

exports[`TagCategory Component match snapshot 1`] = `
<FormGroup
  hasMargin={true}
  invalid={false}
  legendText="Value"
  message={false}
  messageText=""
>
  <Column
    className="tag-modifier-form-row value-modifier"
  >
    <ValueSelector
      isDisabled={false}
      multiValue={false}
      onTagValueChange={[MockFunction]}
      selectedOption={
        Array [
          Object {
            "description": "Duck",
            "id": 1,
          },
        ]
      }
      values={
        Array [
          Object {
            "description": "Duck",
            "id": 1,
          },
          Object {
            "description": "Cat",
            "id": 2,
          },
          Object {
            "description": "Dog",
            "id": 3,
          },
        ]
      }
    />
  </Column>
</FormGroup>
`;
